// Jest Snapshot v1, https://goo.gl/fbAQLP

exports[`App renders correctly 1`] = `
<div
  className="App"
>
  <div
    className="nav-container"
  >
    <div
      className="navBar MuiBox-root css-0"
    >
      <div
        className="MuiBottomNavigation-root css-q7d5b0-MuiBottomNavigation-root"
      >
        <button
          className="MuiButtonBase-root MuiBottomNavigationAction-root Mui-selected css-10dswpr-MuiButtonBase-root-MuiBottomNavigationAction-root"
          disabled={false}
          onBlur={[Function]}
          onClick={[Function]}
          onContextMenu={[Function]}
          onDragLeave={[Function]}
          onFocus={[Function]}
          onKeyDown={[Function]}
          onKeyUp={[Function]}
          onMouseDown={[Function]}
          onMouseLeave={[Function]}
          onMouseUp={[Function]}
          onTouchEnd={[Function]}
          onTouchMove={[Function]}
          onTouchStart={[Function]}
          tabIndex={0}
          type="button"
        >
          <svg
            aria-hidden={true}
            className="MuiSvgIcon-root MuiSvgIcon-fontSizeMedium css-i4bv87-MuiSvgIcon-root"
            data-testid="HomeIcon"
            focusable="false"
            viewBox="0 0 24 24"
          >
            <path
              d="M10 20v-6h4v6h5v-8h3L12 3 2 12h3v8z"
            />
          </svg>
          <span
            className="MuiBottomNavigationAction-label Mui-selected css-imwso6-MuiBottomNavigationAction-label"
          >
            Home
          </span>
        </button>
        <button
          className="MuiButtonBase-root MuiBottomNavigationAction-root css-10dswpr-MuiButtonBase-root-MuiBottomNavigationAction-root"
          disabled={false}
          onBlur={[Function]}
          onClick={[Function]}
          onContextMenu={[Function]}
          onDragLeave={[Function]}
          onFocus={[Function]}
          onKeyDown={[Function]}
          onKeyUp={[Function]}
          onMouseDown={[Function]}
          onMouseLeave={[Function]}
          onMouseUp={[Function]}
          onTouchEnd={[Function]}
          onTouchMove={[Function]}
          onTouchStart={[Function]}
          tabIndex={0}
          type="button"
        >
          <svg
            aria-hidden={true}
            className="MuiSvgIcon-root MuiSvgIcon-fontSizeMedium css-i4bv87-MuiSvgIcon-root"
            data-testid="PanoramaIcon"
            focusable="false"
            viewBox="0 0 24 24"
          >
            <path
              d="M23 18V6c0-1.1-.9-2-2-2H3c-1.1 0-2 .9-2 2v12c0 1.1.9 2 2 2h18c1.1 0 2-.9 2-2zM8.5 12.5l2.5 3.01L14.5 11l4.5 6H5l3.5-4.5z"
            />
          </svg>
          <span
            className="MuiBottomNavigationAction-label css-imwso6-MuiBottomNavigationAction-label"
          >
            Gallery
          </span>
        </button>
      </div>
    </div>
  </div>
  <div
    className="dashboard-container"
  >
    <div
      className="signUp-container"
    >
      <div
        className="logIn-btn"
      >
        <button
          className="MuiButtonBase-root MuiButton-root MuiButton-contained MuiButton-containedError MuiButton-sizeMedium MuiButton-containedSizeMedium com-btn css-17n64wm-MuiButtonBase-root-MuiButton-root"
          data-testid="reusable-btn"
          disabled={false}
          onBlur={[Function]}
          onClick={[Function]}
          onContextMenu={[Function]}
          onDragLeave={[Function]}
          onFocus={[Function]}
          onKeyDown={[Function]}
          onKeyUp={[Function]}
          onMouseDown={[Function]}
          onMouseLeave={[Function]}
          onMouseUp={[Function]}
          onTouchEnd={[Function]}
          onTouchMove={[Function]}
          onTouchStart={[Function]}
          tabIndex={0}
          type="button"
        >
          Join
        </button>
        <button
          className="MuiButtonBase-root MuiButton-root MuiButton-contained MuiButton-containedSuccess MuiButton-sizeMedium MuiButton-containedSizeMedium com-btn css-170d7yb-MuiButtonBase-root-MuiButton-root"
          data-testid="reusable-btn"
          disabled={false}
          onBlur={[Function]}
          onClick={[Function]}
          onContextMenu={[Function]}
          onDragLeave={[Function]}
          onFocus={[Function]}
          onKeyDown={[Function]}
          onKeyUp={[Function]}
          onMouseDown={[Function]}
          onMouseLeave={[Function]}
          onMouseUp={[Function]}
          onTouchEnd={[Function]}
          onTouchMove={[Function]}
          onTouchStart={[Function]}
          tabIndex={0}
          type="button"
        >
          LOG IN
        </button>
      </div>
    </div>
    <div
      className="dashboard"
    >
      <div
        className="event-main-container"
      >
        <h1>
          Weekly Events
        </h1>
        <div
          className="skeletons"
        >
          <h3
            style={
              Object {
                "margin": 0,
                "textAlign": "center",
              }
            }
          >
            No events at the moment
          </h3>
          <h3
            style={
              Object {
                "margin": 0,
                "textAlign": "center",
              }
            }
          >
            check back later
          </h3>
          <div
            className="placeholder"
          >
            <div
              className="MuiBox-root css-1v5z18m"
            >
              <span
                className="MuiSkeleton-root MuiSkeleton-text MuiSkeleton-pulse css-1n7gpw1-MuiSkeleton-root"
                style={
                  Object {
                    "height": undefined,
                    "width": undefined,
                  }
                }
              />
              <span
                className="MuiSkeleton-root MuiSkeleton-text MuiSkeleton-wave css-1etr2k8-MuiSkeleton-root"
                style={
                  Object {
                    "height": undefined,
                    "width": undefined,
                  }
                }
              />
              <br />
              <span
                className="MuiSkeleton-root MuiSkeleton-rectangular MuiSkeleton-pulse css-58ftfq-MuiSkeleton-root"
                style={
                  Object {
                    "height": 118,
                    "width": 300,
                  }
                }
              />
            </div>
          </div>
          <h3
            style={
              Object {
                "margin": 0,
                "textAlign": "center",
              }
            }
          >
            No events at the moment
          </h3>
          <h3
            style={
              Object {
                "margin": 0,
                "textAlign": "center",
              }
            }
          >
            check back later
          </h3>
          <div
            className="placeholder"
          >
            <div
              className="MuiBox-root css-1v5z18m"
            >
              <span
                className="MuiSkeleton-root MuiSkeleton-text MuiSkeleton-pulse css-1n7gpw1-MuiSkeleton-root"
                style={
                  Object {
                    "height": undefined,
                    "width": undefined,
                  }
                }
              />
              <span
                className="MuiSkeleton-root MuiSkeleton-text MuiSkeleton-wave css-1etr2k8-MuiSkeleton-root"
                style={
                  Object {
                    "height": undefined,
                    "width": undefined,
                  }
                }
              />
              <br />
              <span
                className="MuiSkeleton-root MuiSkeleton-rectangular MuiSkeleton-pulse css-58ftfq-MuiSkeleton-root"
                style={
                  Object {
                    "height": 118,
                    "width": 300,
                  }
                }
              />
            </div>
          </div>
          <h3
            style={
              Object {
                "margin": 0,
                "textAlign": "center",
              }
            }
          >
            No events at the moment
          </h3>
          <h3
            style={
              Object {
                "margin": 0,
                "textAlign": "center",
              }
            }
          >
            check back later
          </h3>
          <div
            className="placeholder"
          >
            <div
              className="MuiBox-root css-1v5z18m"
            >
              <span
                className="MuiSkeleton-root MuiSkeleton-text MuiSkeleton-pulse css-1n7gpw1-MuiSkeleton-root"
                style={
                  Object {
                    "height": undefined,
                    "width": undefined,
                  }
                }
              />
              <span
                className="MuiSkeleton-root MuiSkeleton-text MuiSkeleton-wave css-1etr2k8-MuiSkeleton-root"
                style={
                  Object {
                    "height": undefined,
                    "width": undefined,
                  }
                }
              />
              <br />
              <span
                className="MuiSkeleton-root MuiSkeleton-rectangular MuiSkeleton-pulse css-58ftfq-MuiSkeleton-root"
                style={
                  Object {
                    "height": 118,
                    "width": 300,
                  }
                }
              />
            </div>
          </div>
          <h3
            style={
              Object {
                "margin": 0,
                "textAlign": "center",
              }
            }
          >
            No events at the moment
          </h3>
          <h3
            style={
              Object {
                "margin": 0,
                "textAlign": "center",
              }
            }
          >
            check back later
          </h3>
          <div
            className="placeholder"
          >
            <div
              className="MuiBox-root css-1v5z18m"
            >
              <span
                className="MuiSkeleton-root MuiSkeleton-text MuiSkeleton-pulse css-1n7gpw1-MuiSkeleton-root"
                style={
                  Object {
                    "height": undefined,
                    "width": undefined,
                  }
                }
              />
              <span
                className="MuiSkeleton-root MuiSkeleton-text MuiSkeleton-wave css-1etr2k8-MuiSkeleton-root"
                style={
                  Object {
                    "height": undefined,
                    "width": undefined,
                  }
                }
              />
              <br />
              <span
                className="MuiSkeleton-root MuiSkeleton-rectangular MuiSkeleton-pulse css-58ftfq-MuiSkeleton-root"
                style={
                  Object {
                    "height": 118,
                    "width": 300,
                  }
                }
              />
            </div>
          </div>
        </div>
      </div>
      <div
        className="commentBlock"
      >
        <img
          alt="dag waving"
          className="hi-dog"
          src="hi.png"
        />
        <h3>
          Add Your Comments
        </h3>
        <p>
          You must be logged in to add comments
        </p>
        <ul
          className="MuiList-root MuiList-padding commentsList css-meneo4-MuiList-root"
        />
      </div>
    </div>
    <div
      className="about-container"
    >
      <div
        className="headingText"
      >
        <h1
          className="jello-vertical"
          style={
            Object {
              "animationDuration": "3.0s",
              "color": "#7f8aff",
            }
          }
        >
          W
        </h1>
        <h1
          className="jello-vertical"
          style={
            Object {
              "animationDuration": "3.1s",
              "color": "#ff7ca3",
            }
          }
        >
          H
        </h1>
        <h1
          className="jello-vertical"
          style={
            Object {
              "animationDuration": "3.2s",
              "color": "#7f8aff",
            }
          }
        >
          Y
        </h1>
      </div>
      <p>
        Some dogs need socialization, others may need a calm fiend, or even just one that's the same size. Whether they’re tiny, wild, anxious or old, they deserve a time and space where they can feel secure and free with other dogs of a similar size and/or energy level.
      </p>
      <p>
        A safe space for your furbabies to plan meetups, Socialize, and Play.
      </p>
      <p>
        Different groups for different needs (mini, active, giant, anxious,...)
      </p>
      <p>
        Save time by knowing exactly when meet-ups are happening.
      </p>
      <p>
        Connect with other dog parents.
      </p>
    </div>
  </div>
</div>
`;
